======================================================================
🚀 BẮT ĐẦU QUÁ TRÌNH HUẤN LUYỆN MÔ HÌNH DS-CNN VOICE
======================================================================

[BƯỚC 1] ĐANG TẢI DỮ LIỆU...
  + Kích thước X (Features): (16050, 51, 39, 1)
  + Kích thước Y (Labels)  : (16050,)
  + Số frame/mẫu (tính từ Sr/Hop_Length khi tiền xử lý): 51

[BƯỚC 2] ĐANG PHÂN CHIA TẬP DỮ LIỆU (Train/Val/Test)...
  + Tập Train (Huấn luyện): 12840 mẫu
  + Tập Valid (Tinh chỉnh):  1605 mẫu
  + Tập Test  (Đánh giá)  :  1605 mẫu
  + Phân bổ số mẫu/lớp   : [3210 3210 3210 3210 3210]

[BƯỚC 3] KIẾN TRÚC MÔ HÌNH DS-CNN:
Model: "sequential"
┏━━━━━━━━━━━━━━━━━━━━━━━━━━━━━━━━━━━┳━━━━━━━━━━━━━━━━━━━━━━━━━━┳━━━━━━━━━━━━━━━━┓
┃ Layer (type)                      ┃ Output Shape             ┃        Param # ┃
┡━━━━━━━━━━━━━━━━━━━━━━━━━━━━━━━━━━━╇━━━━━━━━━━━━━━━━━━━━━━━━━━╇━━━━━━━━━━━━━━━━┩
│ conv2d (Conv2D)                   │ (None, 26, 20, 64)       │          2,624 │
├───────────────────────────────────┼──────────────────────────┼────────────────┤
│ batch_normalization               │ (None, 26, 20, 64)       │            256 │
│ (BatchNormalization)              │                          │                │
├───────────────────────────────────┼──────────────────────────┼────────────────┤
│ re_lu (ReLU)                      │ (None, 26, 20, 64)       │              0 │
├───────────────────────────────────┼──────────────────────────┼────────────────┤
│ separable_conv2d                  │ (None, 26, 20, 64)       │          4,736 │
│ (SeparableConv2D)                 │                          │                │
├───────────────────────────────────┼──────────────────────────┼────────────────┤
│ batch_normalization_1             │ (None, 26, 20, 64)       │            256 │
│ (BatchNormalization)              │                          │                │
├───────────────────────────────────┼──────────────────────────┼────────────────┤
│ re_lu_1 (ReLU)                    │ (None, 26, 20, 64)       │              0 │
├───────────────────────────────────┼──────────────────────────┼────────────────┤
│ separable_conv2d_1                │ (None, 26, 20, 64)       │          4,736 │
│ (SeparableConv2D)                 │                          │                │
├───────────────────────────────────┼──────────────────────────┼────────────────┤
│ batch_normalization_2             │ (None, 26, 20, 64)       │            256 │
│ (BatchNormalization)              │                          │                │
├───────────────────────────────────┼──────────────────────────┼────────────────┤
│ re_lu_2 (ReLU)                    │ (None, 26, 20, 64)       │              0 │
├───────────────────────────────────┼──────────────────────────┼────────────────┤
│ separable_conv2d_2                │ (None, 26, 20, 64)       │          4,736 │
│ (SeparableConv2D)                 │                          │                │
├───────────────────────────────────┼──────────────────────────┼────────────────┤
│ batch_normalization_3             │ (None, 26, 20, 64)       │            256 │
│ (BatchNormalization)              │                          │                │
├───────────────────────────────────┼──────────────────────────┼────────────────┤
│ re_lu_3 (ReLU)                    │ (None, 26, 20, 64)       │              0 │
├───────────────────────────────────┼──────────────────────────┼────────────────┤
│ global_average_pooling2d          │ (None, 64)               │              0 │
│ (GlobalAveragePooling2D)          │                          │                │
├───────────────────────────────────┼──────────────────────────┼────────────────┤
│ dropout (Dropout)                 │ (None, 64)               │              0 │
├───────────────────────────────────┼──────────────────────────┼────────────────┤
│ dense (Dense)                     │ (None, 5)                │            325 │
├───────────────────────────────────┼──────────────────────────┼────────────────┤
│ softmax (Softmax)                 │ (None, 5)                │              0 │
└───────────────────────────────────┴──────────────────────────┴────────────────┘
 Total params: 18,181 (71.02 KB)
 Trainable params: 17,669 (69.02 KB)
 Non-trainable params: 512 (2.00 KB)

[BƯỚC 4] BẮT ĐẦU TRAIN MÔ HÌNH...

Epoch 25: early stopping
Restoring model weights from the end of the best epoch: 15.
>> Đã lưu biểu đồ huấn luyện tại: Training_History_2.png

======================================================================
🎯 [BƯỚC 5] KẾT QUẢ ĐÁNH GIÁ TRÊN TẬP TEST
======================================================================
  > Test Loss     : 0.1128
  > Test Accuracy : 0.9576 (95.76%)

--- BÁO CÁO PHÂN LOẠI (CLASSIFICATION REPORT) ---
              precision    recall  f1-score   support

          on     0.9558    0.9439    0.9498       321
         off     0.9827    0.8847    0.9311       321
          up     0.8946    0.9782    0.9345       321
        down     0.9722    0.9813    0.9767       321
  background     0.9907    1.0000    0.9953       321

    accuracy                         0.9576      1605
   macro avg     0.9592    0.9576    0.9575      1605
weighted avg     0.9592    0.9576    0.9575      1605


--- MA TRẬN NHẦM LẪN (CONFUSION MATRIX) ---
Thực tế (hàng) x Dự đoán (cột):
[[303   3   9   5   1]
 [ 10 284  25   1   1]
 [  1   2 314   3   1]
 [  3   0   3 315   0]
 [  0   0   0   0 321]]

======================================================================
💾 [BƯỚC 6] HOÀN TẤT VÀ LƯU TRỮ
======================================================================
  [+] Model cuối cùng : 3_Train_Model/Output_KWS\KWS_DS_CNN_Model.keras
  [+] Model tốt nhất  : 3_Train_Model/Output_KWS\KWS_DS_CNN_Best.keras
  [+] File Log CSV    : 3_Train_Model/Output_KWS\KWS_Train_Log.csv